=== live bootstrap: absent no-mistakes ===
MISSING: treehouse (install: curl -fsSL https://kunchenguid.github.io/treehouse/install.sh | sh)
MISSING: node (install: brew install node  # or the platform's package manager)
MISSING: no-mistakes (install: curl -fsSL https://raw.githubusercontent.com/kunchenguid/no-mistakes/main/docs/install.sh | sh)
MISSING: gh-axi (install: npm install -g gh-axi && gh-axi setup hooks)
MISSING: chrome-devtools-axi (install: npm install -g chrome-devtools-axi && chrome-devtools-axi setup hooks)
MISSING: tasks-axi (install: npm install -g tasks-axi)
MISSING: quota-axi (install: npm install -g quota-axi)
PRESENTATION_UNAVAILABLE: lavish-axi (requires >=0.1.77; install: npm install -g lavish-axi && lavish-axi setup hooks) - nonvisual work may proceed with plain-text decisions and reports; install or upgrade before using Lavish
=== live bootstrap: present but unparseable no-mistakes ===
MISSING: treehouse (install: curl -fsSL https://kunchenguid.github.io/treehouse/install.sh | sh)
MISSING: node (install: brew install node  # or the platform's package manager)
MISSING: gh-axi (install: npm install -g gh-axi && gh-axi setup hooks)
MISSING: chrome-devtools-axi (install: npm install -g chrome-devtools-axi && chrome-devtools-axi setup hooks)
MISSING: tasks-axi (install: npm install -g tasks-axi)
MISSING: quota-axi (install: npm install -g quota-axi)
OUTDATED: no-mistakes (installed: unparseable; requires 1.46.0; upgrade: no-mistakes update)
PRESENTATION_UNAVAILABLE: lavish-axi (requires >=0.1.77; install: npm install -g lavish-axi && lavish-axi setup hooks) - nonvisual work may proceed with plain-text decisions and reports; install or upgrade before using Lavish
=== assertions ===
OUTDATED: no-mistakes (installed: unparseable; requires 1.46.0; upgrade: no-mistakes update)
live assertions passed
=== targeted live bearings fixture projection ===
ok - mixed secondmate roles, partial state, and captain readiness project independently
