
=== run 01/20 ===
ok - disposable watcher refuses inherited state outside its marked lab
ok - wait deadline diagnoses and reaps a stopped test child without hanging
ok - simultaneous watcher starts leave exactly one live process
ok - fm_pid_identity real ps fallback is locale-invariant
ok - fm_pid_identity is locale-invariant across LC_ALL/LC_TIME
ok - fm_pid_identity ps fallback is terminal-width-invariant
ok - /proc process identity ignores simulated btime changes
ok - /proc process identity detects pid reuse
ok - MSYS /proc process identity regression skipped on non-Windows host
ok - killed watcher stale lock is reclaimed
tests/fm-watcher-lock.test.sh: line 1508: 82899 Killed: 9                  FM_STATE_OVERRIDE="$state" bash -c '
    . "$1"
    fm_lock_remove_path() {
      if [ "$1" = "$STATE/.watch.lock" ]; then
        kill -KILL "${BASHPID:-$$}"
      fi
      return 1
    }
    fm_lock_try_acquire "$2"
  ' _ "$LIB" "$lockdir" > /dev/null 2>&1
ok - stale watcher reclaim publishes durable recovery evidence before clear
ok - live watcher lock with stale heartbeat is actionable
ok - live watcher lock with a beacon past the hard bound is replaced, under it is still refused
ok - guard banner leads when down with pending wakes (repair-after-drain) and stays silent when live and fresh
ok - concurrent fm_lock_try_acquire yields exactly one winner
ok - dead-pid stale lock is reclaimed by a single acquirer
ok - concurrent stale-lock steal yields exactly one winner
ok - dead steal owner is reclaimed once without a nested steal marker
ok - dead nested steal chain from an interrupted reclaim is recovered
ok - a competing reaper cannot remove the successor's steal mutex
ok - a steal mutex abandoned by this process does not block its own reclaim
ok - a steal reap interrupted in this process is resumed from its own tombstone
ok - live steal mutex is not reclaimed
ok - live-held lock is not stolen
ok - empty mid-acquire lock keeps a minimum grace
ok - late original claimant cannot claim a recreated lock
ok - paused mid-acquire claimant backs off to active stealer
ok - watch restart preserves recovery without signaling a reused pid
ok - watch restart attaches to a verified healthy peer and later surfaces a successor gap
ok - watcher self-evicts when the lock pid no longer names it
ok - arm turns clean self-eviction without a successor into a typed failure
ok - arm attaches to a live fresh watcher and fails loudly when that cycle has no successor
ok - attached arm signals record a classified lifecycle entry
not ok - arm reclaimed dead-pid lock without surfacing recovery: watcher: FAILED - no live watcher with a fresh beacon
=== run 01 result=FAIL(rc=1) elapsed=108s ===

=== run 02/20 ===
ok - disposable watcher refuses inherited state outside its marked lab
wait_for_exit hung after its deadline on a stopped child
not ok - bounded child cleanup regression
=== run 02 result=FAIL(rc=1) elapsed=20s ===

=== run 03/20 ===
ok - disposable watcher refuses inherited state outside its marked lab
ok - wait deadline diagnoses and reaps a stopped test child without hanging
ok - simultaneous watcher starts leave exactly one live process
ok - fm_pid_identity real ps fallback is locale-invariant
ok - fm_pid_identity is locale-invariant across LC_ALL/LC_TIME
ok - fm_pid_identity ps fallback is terminal-width-invariant
ok - /proc process identity ignores simulated btime changes
ok - /proc process identity detects pid reuse
ok - MSYS /proc process identity regression skipped on non-Windows host
ok - killed watcher stale lock is reclaimed
tests/fm-watcher-lock.test.sh: line 1508: 99258 Killed: 9                  FM_STATE_OVERRIDE="$state" bash -c '
    . "$1"
    fm_lock_remove_path() {
      if [ "$1" = "$STATE/.watch.lock" ]; then
        kill -KILL "${BASHPID:-$$}"
      fi
      return 1
    }
    fm_lock_try_acquire "$2"
  ' _ "$LIB" "$lockdir" > /dev/null 2>&1
ok - stale watcher reclaim publishes durable recovery evidence before clear
ok - live watcher lock with stale heartbeat is actionable
ok - live watcher lock with a beacon past the hard bound is replaced, under it is still refused
ok - guard banner leads when down with pending wakes (repair-after-drain) and stays silent when live and fresh
ok - concurrent fm_lock_try_acquire yields exactly one winner
ok - dead-pid stale lock is reclaimed by a single acquirer
ok - concurrent stale-lock steal yields exactly one winner
ok - dead steal owner is reclaimed once without a nested steal marker
ok - dead nested steal chain from an interrupted reclaim is recovered
ok - a competing reaper cannot remove the successor's steal mutex
ok - a steal mutex abandoned by this process does not block its own reclaim
ok - a steal reap interrupted in this process is resumed from its own tombstone
ok - live steal mutex is not reclaimed
ok - live-held lock is not stolen
ok - empty mid-acquire lock keeps a minimum grace
ok - late original claimant cannot claim a recreated lock
ok - paused mid-acquire claimant backs off to active stealer
ok - watch restart preserves recovery without signaling a reused pid
ok - watch restart attaches to a verified healthy peer and later surfaces a successor gap
ok - watcher self-evicts when the lock pid no longer names it
ok - arm turns clean self-eviction without a successor into a typed failure
ok - arm attaches to a live fresh watcher and fails loudly when that cycle has no successor
ok - attached arm signals record a classified lifecycle entry
ok - arm starts cleanly and resurfaces recovery after a dead-pid lock
ok - arm cleans child watcher and temp output on HUP
ok - arm defers TERM until startup watcher can run its lock cleanup
ok - arm TERM stops a startup watcher that never becomes cleanup-ready
WAKE_ACK_REQUIRED: after handling completes run bin/fm-wake-drain.sh --ack-through 1 --recovery-generation 69302.1791482318.hNIeU7
●━━━━━━━━━━━━━━━━━━━━━━━━━━━━━━━━━━━━━━━━━━━━━━━━━━━━━━━━━━━━━━━━━━━━━━━
●  WATCHER DOWN - SUPERVISION IS OFF
●  1 registered custom check(s), but no live watcher process holds this home lock (last beat: 4s ago).
●  Trust the emitted supervision protocol for this harness; do not use shell & for watcher repair.
●  This is a supervision warning only; the guarded operation WILL still run.
●  After draining queued wakes, repair a missing or failed watcher cycle with the Pi tool fm_watch_arm_pi, or restart Pi with -e /private/var/folders/l8/tyd57dc53v3938ttkwmw5kgr0000gp/T/fm-wake-tangle-root.4Rh4aL/.pi/extensions/fm-primary-turnend-guard.ts -e /private/var/folders/l8/tyd57dc53v3938ttkwmw5kgr0000gp/T/fm-wake-tangle-root.4Rh4aL/.pi/extensions/fm-primary-pi-watch.ts if the extensions are not loaded.
●━━━━━━━━━━━━━━━━━━━━━━━━━━━━━━━━━━━━━━━━━━━━━━━━━━━━━━━━━━━━━━━━━━━━━━━
WARNING: queued wakes pending - drain them with bin/fm-wake-drain.sh before anything else.
ok - arm propagates an immediate watcher wake before confirmation
ok - arm attaches to a peer watcher after child stands down and surfaces a missing successor
watcher: lock held by live pid 80993 but heartbeat is stale for 844829934s (>300s); inspect or stop that watcher before re-arming.
ok - arm reports FAILED and exits non-zero when no fresh watcher can be confirmed
ok - cycle-exit ledger links a verified successor and remains size-capped
ok - SIGSTOP distinguishes live PID from stale beacon and termination records the exit class
=== run 03 result=PASS elapsed=180s ===

=== run 04/20 ===
ok - disposable watcher refuses inherited state outside its marked lab
ok - wait deadline diagnoses and reaps a stopped test child without hanging
ok - simultaneous watcher starts leave exactly one live process
ok - fm_pid_identity real ps fallback is locale-invariant
ok - fm_pid_identity is locale-invariant across LC_ALL/LC_TIME
ok - fm_pid_identity ps fallback is terminal-width-invariant
ok - /proc process identity ignores simulated btime changes
ok - /proc process identity detects pid reuse
ok - MSYS /proc process identity regression skipped on non-Windows host
ok - killed watcher stale lock is reclaimed
tests/fm-watcher-lock.test.sh: line 1508: 27661 Killed: 9                  FM_STATE_OVERRIDE="$state" bash -c '
    . "$1"
    fm_lock_remove_path() {
      if [ "$1" = "$STATE/.watch.lock" ]; then
        kill -KILL "${BASHPID:-$$}"
      fi
      return 1
    }
    fm_lock_try_acquire "$2"
  ' _ "$LIB" "$lockdir" > /dev/null 2>&1
ok - stale watcher reclaim publishes durable recovery evidence before clear
ok - live watcher lock with stale heartbeat is actionable
ok - live watcher lock with a beacon past the hard bound is replaced, under it is still refused
ok - guard banner leads when down with pending wakes (repair-after-drain) and stays silent when live and fresh
ok - concurrent fm_lock_try_acquire yields exactly one winner
ok - dead-pid stale lock is reclaimed by a single acquirer
ok - concurrent stale-lock steal yields exactly one winner
ok - dead steal owner is reclaimed once without a nested steal marker
ok - dead nested steal chain from an interrupted reclaim is recovered
ok - a competing reaper cannot remove the successor's steal mutex
ok - a steal mutex abandoned by this process does not block its own reclaim
ok - a steal reap interrupted in this process is resumed from its own tombstone
ok - live steal mutex is not reclaimed
ok - live-held lock is not stolen
ok - empty mid-acquire lock keeps a minimum grace
ok - late original claimant cannot claim a recreated lock
ok - paused mid-acquire claimant backs off to active stealer
ok - watch restart preserves recovery without signaling a reused pid
ok - watch restart attaches to a verified healthy peer and later surfaces a successor gap
ok - watcher self-evicts when the lock pid no longer names it
ok - arm turns clean self-eviction without a successor into a typed failure
ok - arm attaches to a live fresh watcher and fails loudly when that cycle has no successor
ok - attached arm signals record a classified lifecycle entry
ok - arm starts cleanly and resurfaces recovery after a dead-pid lock
ok - arm cleans child watcher and temp output on HUP
ok - arm defers TERM until startup watcher can run its lock cleanup
ok - arm TERM stops a startup watcher that never becomes cleanup-ready
WAKE_ACK_REQUIRED: after handling completes run bin/fm-wake-drain.sh --ack-through 1 --recovery-generation 85549.1791482470.vhcvsc
●━━━━━━━━━━━━━━━━━━━━━━━━━━━━━━━━━━━━━━━━━━━━━━━━━━━━━━━━━━━━━━━━━━━━━━━
●  WATCHER DOWN - SUPERVISION IS OFF
●  1 registered custom check(s), but no live watcher process holds this home lock (last beat: 9s ago).
●  Trust the emitted supervision protocol for this harness; do not use shell & for watcher repair.
●  This is a supervision warning only; the guarded operation WILL still run.
●  After draining queued wakes, repair a missing or failed watcher cycle with the Pi tool fm_watch_arm_pi, or restart Pi with -e /private/var/folders/l8/tyd57dc53v3938ttkwmw5kgr0000gp/T/fm-wake-tangle-root.kBj90T/.pi/extensions/fm-primary-turnend-guard.ts -e /private/var/folders/l8/tyd57dc53v3938ttkwmw5kgr0000gp/T/fm-wake-tangle-root.kBj90T/.pi/extensions/fm-primary-pi-watch.ts if the extensions are not loaded.
●━━━━━━━━━━━━━━━━━━━━━━━━━━━━━━━━━━━━━━━━━━━━━━━━━━━━━━━━━━━━━━━━━━━━━━━
WARNING: queued wakes pending - drain them with bin/fm-wake-drain.sh before anything else.
ok - arm propagates an immediate watcher wake before confirmation
ok - arm attaches to a peer watcher after child stands down and surfaces a missing successor
watcher: lock held by live pid 1587 but heartbeat is stale for 844830091s (>300s); inspect or stop that watcher before re-arming.
ok - arm reports FAILED and exits non-zero when no fresh watcher can be confirmed
ok - cycle-exit ledger links a verified successor and remains size-capped
ok - SIGSTOP distinguishes live PID from stale beacon and termination records the exit class
=== run 04 result=PASS elapsed=150s ===

=== run 05/20 ===
ok - disposable watcher refuses inherited state outside its marked lab
ok - wait deadline diagnoses and reaps a stopped test child without hanging
ok - simultaneous watcher starts leave exactly one live process
ok - fm_pid_identity real ps fallback is locale-invariant
ok - fm_pid_identity is locale-invariant across LC_ALL/LC_TIME
ok - fm_pid_identity ps fallback is terminal-width-invariant
ok - /proc process identity ignores simulated btime changes
ok - /proc process identity detects pid reuse
ok - MSYS /proc process identity regression skipped on non-Windows host
ok - killed watcher stale lock is reclaimed
tests/fm-watcher-lock.test.sh: line 1508: 41914 Killed: 9                  FM_STATE_OVERRIDE="$state" bash -c '
    . "$1"
    fm_lock_remove_path() {
      if [ "$1" = "$STATE/.watch.lock" ]; then
        kill -KILL "${BASHPID:-$$}"
      fi
      return 1
    }
    fm_lock_try_acquire "$2"
  ' _ "$LIB" "$lockdir" > /dev/null 2>&1
ok - stale watcher reclaim publishes durable recovery evidence before clear
ok - live watcher lock with stale heartbeat is actionable
ok - live watcher lock with a beacon past the hard bound is replaced, under it is still refused
ok - guard banner leads when down with pending wakes (repair-after-drain) and stays silent when live and fresh
ok - concurrent fm_lock_try_acquire yields exactly one winner
ok - dead-pid stale lock is reclaimed by a single acquirer
ok - concurrent stale-lock steal yields exactly one winner
ok - dead steal owner is reclaimed once without a nested steal marker
ok - dead nested steal chain from an interrupted reclaim is recovered
ok - a competing reaper cannot remove the successor's steal mutex
ok - a steal mutex abandoned by this process does not block its own reclaim
ok - a steal reap interrupted in this process is resumed from its own tombstone
ok - live steal mutex is not reclaimed
ok - live-held lock is not stolen
ok - empty mid-acquire lock keeps a minimum grace
ok - late original claimant cannot claim a recreated lock
ok - paused mid-acquire claimant backs off to active stealer
ok - watch restart preserves recovery without signaling a reused pid
ok - watch restart attaches to a verified healthy peer and later surfaces a successor gap
ok - watcher self-evicts when the lock pid no longer names it
ok - arm turns clean self-eviction without a successor into a typed failure
ok - arm attaches to a live fresh watcher and fails loudly when that cycle has no successor
ok - attached arm signals record a classified lifecycle entry
ok - arm starts cleanly and resurfaces recovery after a dead-pid lock
ok - arm cleans child watcher and temp output on HUP
ok - arm defers TERM until startup watcher can run its lock cleanup
ok - arm TERM stops a startup watcher that never becomes cleanup-ready
WAKE_ACK_REQUIRED: after handling completes run bin/fm-wake-drain.sh --ack-through 1 --recovery-generation 96335.1791482614.E0budn
●━━━━━━━━━━━━━━━━━━━━━━━━━━━━━━━━━━━━━━━━━━━━━━━━━━━━━━━━━━━━━━━━━━━━━━━
●  WATCHER DOWN - SUPERVISION IS OFF
●  1 registered custom check(s), but no live watcher process holds this home lock (last beat: 2s ago).
●  Trust the emitted supervision protocol for this harness; do not use shell & for watcher repair.
●  This is a supervision warning only; the guarded operation WILL still run.
●  After draining queued wakes, repair a missing or failed watcher cycle with the Pi tool fm_watch_arm_pi, or restart Pi with -e /private/var/folders/l8/tyd57dc53v3938ttkwmw5kgr0000gp/T/fm-wake-tangle-root.VlNFuN/.pi/extensions/fm-primary-turnend-guard.ts -e /private/var/folders/l8/tyd57dc53v3938ttkwmw5kgr0000gp/T/fm-wake-tangle-root.VlNFuN/.pi/extensions/fm-primary-pi-watch.ts if the extensions are not loaded.
●━━━━━━━━━━━━━━━━━━━━━━━━━━━━━━━━━━━━━━━━━━━━━━━━━━━━━━━━━━━━━━━━━━━━━━━
WARNING: queued wakes pending - drain them with bin/fm-wake-drain.sh before anything else.
ok - arm propagates an immediate watcher wake before confirmation
ok - arm attaches to a peer watcher after child stands down and surfaces a missing successor
watcher: lock held by live pid 13024 but heartbeat is stale for 844830231s (>300s); inspect or stop that watcher before re-arming.
ok - arm reports FAILED and exits non-zero when no fresh watcher can be confirmed
ok - cycle-exit ledger links a verified successor and remains size-capped
ok - SIGSTOP distinguishes live PID from stale beacon and termination records the exit class
=== run 05 result=PASS elapsed=142s ===

=== run 06/20 ===
ok - disposable watcher refuses inherited state outside its marked lab
ok - wait deadline diagnoses and reaps a stopped test child without hanging
ok - simultaneous watcher starts leave exactly one live process
ok - fm_pid_identity real ps fallback is locale-invariant
ok - fm_pid_identity is locale-invariant across LC_ALL/LC_TIME
ok - fm_pid_identity ps fallback is terminal-width-invariant
ok - /proc process identity ignores simulated btime changes
ok - /proc process identity detects pid reuse
ok - MSYS /proc process identity regression skipped on non-Windows host
ok - killed watcher stale lock is reclaimed
tests/fm-watcher-lock.test.sh: line 1508: 53903 Killed: 9                  FM_STATE_OVERRIDE="$state" bash -c '
    . "$1"
    fm_lock_remove_path() {
      if [ "$1" = "$STATE/.watch.lock" ]; then
        kill -KILL "${BASHPID:-$$}"
      fi
      return 1
    }
    fm_lock_try_acquire "$2"
  ' _ "$LIB" "$lockdir" > /dev/null 2>&1
ok - stale watcher reclaim publishes durable recovery evidence before clear
ok - live watcher lock with stale heartbeat is actionable
ok - live watcher lock with a beacon past the hard bound is replaced, under it is still refused
ok - guard banner leads when down with pending wakes (repair-after-drain) and stays silent when live and fresh
ok - concurrent fm_lock_try_acquire yields exactly one winner
ok - dead-pid stale lock is reclaimed by a single acquirer
ok - concurrent stale-lock steal yields exactly one winner
ok - dead steal owner is reclaimed once without a nested steal marker
ok - dead nested steal chain from an interrupted reclaim is recovered
ok - a competing reaper cannot remove the successor's steal mutex
ok - a steal mutex abandoned by this process does not block its own reclaim
ok - a steal reap interrupted in this process is resumed from its own tombstone
ok - live steal mutex is not reclaimed
ok - live-held lock is not stolen
ok - empty mid-acquire lock keeps a minimum grace
ok - late original claimant cannot claim a recreated lock
ok - paused mid-acquire claimant backs off to active stealer
ok - watch restart preserves recovery without signaling a reused pid
ok - watch restart attaches to a verified healthy peer and later surfaces a successor gap
ok - watcher self-evicts when the lock pid no longer names it
ok - arm turns clean self-eviction without a successor into a typed failure
ok - arm attaches to a live fresh watcher and fails loudly when that cycle has no successor
ok - attached arm signals record a classified lifecycle entry
ok - arm starts cleanly and resurfaces recovery after a dead-pid lock
ok - arm cleans child watcher and temp output on HUP
ok - arm defers TERM until startup watcher can run its lock cleanup
ok - arm TERM stops a startup watcher that never becomes cleanup-ready
WAKE_ACK_REQUIRED: after handling completes run bin/fm-wake-drain.sh --ack-through 1 --recovery-generation 97707.1791482752.GaO8J2
●━━━━━━━━━━━━━━━━━━━━━━━━━━━━━━━━━━━━━━━━━━━━━━━━━━━━━━━━━━━━━━━━━━━━━━━
●  WATCHER DOWN - SUPERVISION IS OFF
●  1 registered custom check(s), but no live watcher process holds this home lock (last beat: 3s ago).
●  Trust the emitted supervision protocol for this harness; do not use shell & for watcher repair.
●  This is a supervision warning only; the guarded operation WILL still run.
●  After draining queued wakes, repair a missing or failed watcher cycle with the Pi tool fm_watch_arm_pi, or restart Pi with -e /private/var/folders/l8/tyd57dc53v3938ttkwmw5kgr0000gp/T/fm-wake-tangle-root.5VbYjW/.pi/extensions/fm-primary-turnend-guard.ts -e /private/var/folders/l8/tyd57dc53v3938ttkwmw5kgr0000gp/T/fm-wake-tangle-root.5VbYjW/.pi/extensions/fm-primary-pi-watch.ts if the extensions are not loaded.
●━━━━━━━━━━━━━━━━━━━━━━━━━━━━━━━━━━━━━━━━━━━━━━━━━━━━━━━━━━━━━━━━━━━━━━━
WARNING: queued wakes pending - drain them with bin/fm-wake-drain.sh before anything else.
ok - arm propagates an immediate watcher wake before confirmation
ok - arm attaches to a peer watcher after child stands down and surfaces a missing successor
watcher: lock held by live pid 11594 but heartbeat is stale for 844830366s (>300s); inspect or stop that watcher before re-arming.
ok - arm reports FAILED and exits non-zero when no fresh watcher can be confirmed
ok - cycle-exit ledger links a verified successor and remains size-capped
ok - SIGSTOP distinguishes live PID from stale beacon and termination records the exit class
=== run 06 result=PASS elapsed=124s ===

=== run 07/20 ===
ok - disposable watcher refuses inherited state outside its marked lab
ok - wait deadline diagnoses and reaps a stopped test child without hanging
ok - simultaneous watcher starts leave exactly one live process
ok - fm_pid_identity real ps fallback is locale-invariant
ok - fm_pid_identity is locale-invariant across LC_ALL/LC_TIME
ok - fm_pid_identity ps fallback is terminal-width-invariant
ok - /proc process identity ignores simulated btime changes
ok - /proc process identity detects pid reuse
ok - MSYS /proc process identity regression skipped on non-Windows host
ok - killed watcher stale lock is reclaimed
tests/fm-watcher-lock.test.sh: line 1508: 40151 Killed: 9                  FM_STATE_OVERRIDE="$state" bash -c '
    . "$1"
    fm_lock_remove_path() {
      if [ "$1" = "$STATE/.watch.lock" ]; then
        kill -KILL "${BASHPID:-$$}"
      fi
      return 1
    }
    fm_lock_try_acquire "$2"
  ' _ "$LIB" "$lockdir" > /dev/null 2>&1
ok - stale watcher reclaim publishes durable recovery evidence before clear
ok - live watcher lock with stale heartbeat is actionable
ok - live watcher lock with a beacon past the hard bound is replaced, under it is still refused
ok - guard banner leads when down with pending wakes (repair-after-drain) and stays silent when live and fresh
ok - concurrent fm_lock_try_acquire yields exactly one winner
ok - dead-pid stale lock is reclaimed by a single acquirer
ok - concurrent stale-lock steal yields exactly one winner
ok - dead steal owner is reclaimed once without a nested steal marker
ok - dead nested steal chain from an interrupted reclaim is recovered
ok - a competing reaper cannot remove the successor's steal mutex
ok - a steal mutex abandoned by this process does not block its own reclaim
ok - a steal reap interrupted in this process is resumed from its own tombstone
ok - live steal mutex is not reclaimed
ok - live-held lock is not stolen
ok - empty mid-acquire lock keeps a minimum grace
ok - late original claimant cannot claim a recreated lock
ok - paused mid-acquire claimant backs off to active stealer
ok - watch restart preserves recovery without signaling a reused pid
ok - watch restart attaches to a verified healthy peer and later surfaces a successor gap
ok - watcher self-evicts when the lock pid no longer names it
ok - arm turns clean self-eviction without a successor into a typed failure
ok - arm attaches to a live fresh watcher and fails loudly when that cycle has no successor
ok - attached arm signals record a classified lifecycle entry
ok - arm starts cleanly and resurfaces recovery after a dead-pid lock
ok - arm cleans child watcher and temp output on HUP
ok - arm defers TERM until startup watcher can run its lock cleanup
ok - arm TERM stops a startup watcher that never becomes cleanup-ready
WAKE_ACK_REQUIRED: after handling completes run bin/fm-wake-drain.sh --ack-through 1 --recovery-generation 92900.1791482872.n1mKsT
●━━━━━━━━━━━━━━━━━━━━━━━━━━━━━━━━━━━━━━━━━━━━━━━━━━━━━━━━━━━━━━━━━━━━━━━
●  WATCHER DOWN - SUPERVISION IS OFF
●  1 registered custom check(s), but no live watcher process holds this home lock (last beat: 2s ago).
●  Trust the emitted supervision protocol for this harness; do not use shell & for watcher repair.
●  This is a supervision warning only; the guarded operation WILL still run.
●  After draining queued wakes, repair a missing or failed watcher cycle with the Pi tool fm_watch_arm_pi, or restart Pi with -e /private/var/folders/l8/tyd57dc53v3938ttkwmw5kgr0000gp/T/fm-wake-tangle-root.0ddE3V/.pi/extensions/fm-primary-turnend-guard.ts -e /private/var/folders/l8/tyd57dc53v3938ttkwmw5kgr0000gp/T/fm-wake-tangle-root.0ddE3V/.pi/extensions/fm-primary-pi-watch.ts if the extensions are not loaded.
●━━━━━━━━━━━━━━━━━━━━━━━━━━━━━━━━━━━━━━━━━━━━━━━━━━━━━━━━━━━━━━━━━━━━━━━
WARNING: queued wakes pending - drain them with bin/fm-wake-drain.sh before anything else.
ok - arm propagates an immediate watcher wake before confirmation
ok - arm attaches to a peer watcher after child stands down and surfaces a missing successor
watcher: lock held by live pid 3598 but heartbeat is stale for 844830487s (>300s); inspect or stop that watcher before re-arming.
ok - arm reports FAILED and exits non-zero when no fresh watcher can be confirmed
ok - cycle-exit ledger links a verified successor and remains size-capped
ok - SIGSTOP distinguishes live PID from stale beacon and termination records the exit class
=== run 07 result=PASS elapsed=129s ===

=== run 08/20 ===
ok - disposable watcher refuses inherited state outside its marked lab
ok - wait deadline diagnoses and reaps a stopped test child without hanging
ok - simultaneous watcher starts leave exactly one live process
ok - fm_pid_identity real ps fallback is locale-invariant
ok - fm_pid_identity is locale-invariant across LC_ALL/LC_TIME
ok - fm_pid_identity ps fallback is terminal-width-invariant
ok - /proc process identity ignores simulated btime changes
ok - /proc process identity detects pid reuse
ok - MSYS /proc process identity regression skipped on non-Windows host
ok - killed watcher stale lock is reclaimed
tests/fm-watcher-lock.test.sh: line 1508: 36003 Killed: 9                  FM_STATE_OVERRIDE="$state" bash -c '
    . "$1"
    fm_lock_remove_path() {
      if [ "$1" = "$STATE/.watch.lock" ]; then
        kill -KILL "${BASHPID:-$$}"
      fi
      return 1
    }
    fm_lock_try_acquire "$2"
  ' _ "$LIB" "$lockdir" > /dev/null 2>&1
ok - stale watcher reclaim publishes durable recovery evidence before clear
ok - live watcher lock with stale heartbeat is actionable
ok - live watcher lock with a beacon past the hard bound is replaced, under it is still refused
ok - guard banner leads when down with pending wakes (repair-after-drain) and stays silent when live and fresh
ok - concurrent fm_lock_try_acquire yields exactly one winner
ok - dead-pid stale lock is reclaimed by a single acquirer
ok - concurrent stale-lock steal yields exactly one winner
ok - dead steal owner is reclaimed once without a nested steal marker
ok - dead nested steal chain from an interrupted reclaim is recovered
ok - a competing reaper cannot remove the successor's steal mutex
ok - a steal mutex abandoned by this process does not block its own reclaim
ok - a steal reap interrupted in this process is resumed from its own tombstone
ok - live steal mutex is not reclaimed
ok - live-held lock is not stolen
ok - empty mid-acquire lock keeps a minimum grace
ok - late original claimant cannot claim a recreated lock
ok - paused mid-acquire claimant backs off to active stealer
ok - watch restart preserves recovery without signaling a reused pid
ok - watch restart attaches to a verified healthy peer and later surfaces a successor gap
ok - watcher self-evicts when the lock pid no longer names it
ok - arm turns clean self-eviction without a successor into a typed failure
ok - arm attaches to a live fresh watcher and fails loudly when that cycle has no successor
ok - attached arm signals record a classified lifecycle entry
ok - arm starts cleanly and resurfaces recovery after a dead-pid lock
ok - arm cleans child watcher and temp output on HUP
ok - arm defers TERM until startup watcher can run its lock cleanup
ok - arm TERM stops a startup watcher that never becomes cleanup-ready
WAKE_ACK_REQUIRED: after handling completes run bin/fm-wake-drain.sh --ack-through 1 --recovery-generation 97204.1791483003.8DXpQu
●━━━━━━━━━━━━━━━━━━━━━━━━━━━━━━━━━━━━━━━━━━━━━━━━━━━━━━━━━━━━━━━━━━━━━━━
●  WATCHER DOWN - SUPERVISION IS OFF
●  1 registered custom check(s), but no live watcher process holds this home lock (last beat: 3s ago).
●  Trust the emitted supervision protocol for this harness; do not use shell & for watcher repair.
●  This is a supervision warning only; the guarded operation WILL still run.
●  After draining queued wakes, repair a missing or failed watcher cycle with the Pi tool fm_watch_arm_pi, or restart Pi with -e /private/var/folders/l8/tyd57dc53v3938ttkwmw5kgr0000gp/T/fm-wake-tangle-root.bM5duz/.pi/extensions/fm-primary-turnend-guard.ts -e /private/var/folders/l8/tyd57dc53v3938ttkwmw5kgr0000gp/T/fm-wake-tangle-root.bM5duz/.pi/extensions/fm-primary-pi-watch.ts if the extensions are not loaded.
●━━━━━━━━━━━━━━━━━━━━━━━━━━━━━━━━━━━━━━━━━━━━━━━━━━━━━━━━━━━━━━━━━━━━━━━
WARNING: queued wakes pending - drain them with bin/fm-wake-drain.sh before anything else.
ok - arm propagates an immediate watcher wake before confirmation
ok - arm attaches to a peer watcher after child stands down and surfaces a missing successor
watcher: lock held by live pid 15443 but heartbeat is stale for 844830620s (>300s); inspect or stop that watcher before re-arming.
ok - arm reports FAILED and exits non-zero when no fresh watcher can be confirmed
ok - cycle-exit ledger links a verified successor and remains size-capped
ok - SIGSTOP distinguishes live PID from stale beacon and termination records the exit class
=== run 08 result=PASS elapsed=130s ===

=== run 09/20 ===
ok - disposable watcher refuses inherited state outside its marked lab
ok - wait deadline diagnoses and reaps a stopped test child without hanging
ok - simultaneous watcher starts leave exactly one live process
ok - fm_pid_identity real ps fallback is locale-invariant
ok - fm_pid_identity is locale-invariant across LC_ALL/LC_TIME
ok - fm_pid_identity ps fallback is terminal-width-invariant
ok - /proc process identity ignores simulated btime changes
ok - /proc process identity detects pid reuse
ok - MSYS /proc process identity regression skipped on non-Windows host
ok - killed watcher stale lock is reclaimed
tests/fm-watcher-lock.test.sh: line 1508: 52623 Killed: 9                  FM_STATE_OVERRIDE="$state" bash -c '
    . "$1"
    fm_lock_remove_path() {
      if [ "$1" = "$STATE/.watch.lock" ]; then
        kill -KILL "${BASHPID:-$$}"
      fi
      return 1
    }
    fm_lock_try_acquire "$2"
  ' _ "$LIB" "$lockdir" > /dev/null 2>&1
ok - stale watcher reclaim publishes durable recovery evidence before clear
ok - live watcher lock with stale heartbeat is actionable
ok - live watcher lock with a beacon past the hard bound is replaced, under it is still refused
ok - guard banner leads when down with pending wakes (repair-after-drain) and stays silent when live and fresh
ok - concurrent fm_lock_try_acquire yields exactly one winner
ok - dead-pid stale lock is reclaimed by a single acquirer
ok - concurrent stale-lock steal yields exactly one winner
ok - dead steal owner is reclaimed once without a nested steal marker
ok - dead nested steal chain from an interrupted reclaim is recovered
ok - a competing reaper cannot remove the successor's steal mutex
ok - a steal mutex abandoned by this process does not block its own reclaim
ok - a steal reap interrupted in this process is resumed from its own tombstone
ok - live steal mutex is not reclaimed
ok - live-held lock is not stolen
ok - empty mid-acquire lock keeps a minimum grace
ok - late original claimant cannot claim a recreated lock
ok - paused mid-acquire claimant backs off to active stealer
ok - watch restart preserves recovery without signaling a reused pid
ok - watch restart attaches to a verified healthy peer and later surfaces a successor gap
ok - watcher self-evicts when the lock pid no longer names it
ok - arm turns clean self-eviction without a successor into a typed failure
ok - arm attaches to a live fresh watcher and fails loudly when that cycle has no successor
ok - attached arm signals record a classified lifecycle entry
ok - arm starts cleanly and resurfaces recovery after a dead-pid lock
ok - arm cleans child watcher and temp output on HUP
ok - arm defers TERM until startup watcher can run its lock cleanup
ok - arm TERM stops a startup watcher that never becomes cleanup-ready
WAKE_ACK_REQUIRED: after handling completes run bin/fm-wake-drain.sh --ack-through 1 --recovery-generation 91385.1791483138.fOvfFw
●━━━━━━━━━━━━━━━━━━━━━━━━━━━━━━━━━━━━━━━━━━━━━━━━━━━━━━━━━━━━━━━━━━━━━━━
●  WATCHER DOWN - SUPERVISION IS OFF
●  1 registered custom check(s), but no live watcher process holds this home lock (last beat: 4s ago).
●  Trust the emitted supervision protocol for this harness; do not use shell & for watcher repair.
●  This is a supervision warning only; the guarded operation WILL still run.
●  After draining queued wakes, repair a missing or failed watcher cycle with the Pi tool fm_watch_arm_pi, or restart Pi with -e /private/var/folders/l8/tyd57dc53v3938ttkwmw5kgr0000gp/T/fm-wake-tangle-root.HD6nH2/.pi/extensions/fm-primary-turnend-guard.ts -e /private/var/folders/l8/tyd57dc53v3938ttkwmw5kgr0000gp/T/fm-wake-tangle-root.HD6nH2/.pi/extensions/fm-primary-pi-watch.ts if the extensions are not loaded.
●━━━━━━━━━━━━━━━━━━━━━━━━━━━━━━━━━━━━━━━━━━━━━━━━━━━━━━━━━━━━━━━━━━━━━━━
WARNING: queued wakes pending - drain them with bin/fm-wake-drain.sh before anything else.
ok - arm propagates an immediate watcher wake before confirmation
ok - arm attaches to a peer watcher after child stands down and surfaces a missing successor
watcher: lock held by live pid 97337 but heartbeat is stale for 844830752s (>300s); inspect or stop that watcher before re-arming.
ok - arm reports FAILED and exits non-zero when no fresh watcher can be confirmed
ok - cycle-exit ledger links a verified successor and remains size-capped
ok - SIGSTOP distinguishes live PID from stale beacon and termination records the exit class
=== run 09 result=PASS elapsed=136s ===

=== run 10/20 ===
ok - disposable watcher refuses inherited state outside its marked lab
ok - wait deadline diagnoses and reaps a stopped test child without hanging
ok - simultaneous watcher starts leave exactly one live process
ok - fm_pid_identity real ps fallback is locale-invariant
ok - fm_pid_identity is locale-invariant across LC_ALL/LC_TIME
ok - fm_pid_identity ps fallback is terminal-width-invariant
ok - /proc process identity ignores simulated btime changes
ok - /proc process identity detects pid reuse
ok - MSYS /proc process identity regression skipped on non-Windows host
ok - killed watcher stale lock is reclaimed
tests/fm-watcher-lock.test.sh: line 1508: 28195 Killed: 9                  FM_STATE_OVERRIDE="$state" bash -c '
    . "$1"
    fm_lock_remove_path() {
      if [ "$1" = "$STATE/.watch.lock" ]; then
        kill -KILL "${BASHPID:-$$}"
      fi
      return 1
    }
    fm_lock_try_acquire "$2"
  ' _ "$LIB" "$lockdir" > /dev/null 2>&1
ok - stale watcher reclaim publishes durable recovery evidence before clear
ok - live watcher lock with stale heartbeat is actionable
ok - live watcher lock with a beacon past the hard bound is replaced, under it is still refused
ok - guard banner leads when down with pending wakes (repair-after-drain) and stays silent when live and fresh
ok - concurrent fm_lock_try_acquire yields exactly one winner
ok - dead-pid stale lock is reclaimed by a single acquirer
ok - concurrent stale-lock steal yields exactly one winner
ok - dead steal owner is reclaimed once without a nested steal marker
ok - dead nested steal chain from an interrupted reclaim is recovered
ok - a competing reaper cannot remove the successor's steal mutex
ok - a steal mutex abandoned by this process does not block its own reclaim
ok - a steal reap interrupted in this process is resumed from its own tombstone
ok - live steal mutex is not reclaimed
ok - live-held lock is not stolen
ok - empty mid-acquire lock keeps a minimum grace
ok - late original claimant cannot claim a recreated lock
ok - paused mid-acquire claimant backs off to active stealer
ok - watch restart preserves recovery without signaling a reused pid
ok - watch restart attaches to a verified healthy peer and later surfaces a successor gap
ok - watcher self-evicts when the lock pid no longer names it
ok - arm turns clean self-eviction without a successor into a typed failure
ok - arm attaches to a live fresh watcher and fails loudly when that cycle has no successor
ok - attached arm signals record a classified lifecycle entry
ok - arm starts cleanly and resurfaces recovery after a dead-pid lock
ok - arm cleans child watcher and temp output on HUP
ok - arm defers TERM until startup watcher can run its lock cleanup
ok - arm TERM stops a startup watcher that never becomes cleanup-ready
WAKE_ACK_REQUIRED: after handling completes run bin/fm-wake-drain.sh --ack-through 1 --recovery-generation 56557.1791483259.Jouomh
●━━━━━━━━━━━━━━━━━━━━━━━━━━━━━━━━━━━━━━━━━━━━━━━━━━━━━━━━━━━━━━━━━━━━━━━
●  WATCHER DOWN - SUPERVISION IS OFF
●  1 registered custom check(s), but no live watcher process holds this home lock (last beat: 3s ago).
●  Trust the emitted supervision protocol for this harness; do not use shell & for watcher repair.
●  This is a supervision warning only; the guarded operation WILL still run.
●  After draining queued wakes, repair a missing or failed watcher cycle with the Pi tool fm_watch_arm_pi, or restart Pi with -e /private/var/folders/l8/tyd57dc53v3938ttkwmw5kgr0000gp/T/fm-wake-tangle-root.OFvWRc/.pi/extensions/fm-primary-turnend-guard.ts -e /private/var/folders/l8/tyd57dc53v3938ttkwmw5kgr0000gp/T/fm-wake-tangle-root.OFvWRc/.pi/extensions/fm-primary-pi-watch.ts if the extensions are not loaded.
●━━━━━━━━━━━━━━━━━━━━━━━━━━━━━━━━━━━━━━━━━━━━━━━━━━━━━━━━━━━━━━━━━━━━━━━
WARNING: queued wakes pending - drain them with bin/fm-wake-drain.sh before anything else.
ok - arm propagates an immediate watcher wake before confirmation
ok - arm attaches to a peer watcher after child stands down and surfaces a missing successor
watcher: lock held by live pid 59890 but heartbeat is stale for 844830873s (>300s); inspect or stop that watcher before re-arming.
ok - arm reports FAILED and exits non-zero when no fresh watcher can be confirmed
ok - cycle-exit ledger links a verified successor and remains size-capped
ok - SIGSTOP distinguishes live PID from stale beacon and termination records the exit class
