$ bash tests/fm-worktree-guard.test.sh
ok - the decision matrix matches the documented contract
ok - the temp namespace is an explicit, configurable allowance rather than a hole
ok - rm of a sibling worktree is refused end to end and the sibling survives
ok - mv out of the home's state directory is refused end to end
ok - a dotted sibling task id cannot collide with this task's allowances
ok - the keep-warm arm and cleanup run under the guard while siblings stay protected
ok - intermediate symlinks cannot escape the worker's root
ok - in-root symlinks preserve the fronted tool's final-component semantics
ok - remove tools judge trailing-slash symlink targets physically
ok - move destinations follow directory symlinks without widening source semantics
ok - ordinary long options preserve move destination classification
ok - move sources preserve trailing-slash dereference semantics
ok - mv attached option arguments are classified by their option semantics
ok - the worker's own worktree, records, and scratch stay fully usable
ok - git worktree remove of a live sibling worktree is refused end to end
ok - an external canonical common directory refuses a linked worker's nested removal
ok - an in-root canonical common directory permits a standalone nested removal
ok - worktree pruning is refused while its dry run stays available
ok - git worktree refusal uses the portable bounded-execution owner
ok - git worktree commands judge the selected repository
ok - a plain git commit in a linked worktree passes the guard with the trailer hook installed
ok - only the task's own admin directory is allowed; the common directory and a sibling's stay protected
ok - the admin-directory allowance requires a linked worktree's own markers
ok - FM_WORKTREE_GUARD_ALLOW=1 allows a removal firstmate has authorized
ok - an authorized firstmate-owned parent process is not refused
ok - the cleanup path that owns worktree removal is not itself guarded
ok - the guard is inert wherever the worker's own root cannot be established
ok - every public filesystem and pool shim enforces observable behavior
ok - a second firstmate home's shims on PATH cannot loop the transport
ok - a wrapper that resolves back to the shim fails fast instead of hanging
ok - fm-worktree-guard.test.sh

$ bash tests/fm-worker-env-composition.test.sh
ok - fixture: shims first on PATH, spawn core.hooksPath installed, linked worktree
ok - concurrent real-shim refusals exit promptly and report once
ok - control: an escaping rm is refused, even under the temp namespace, and reported once
ok - commit -m runs the spawn hook under the guard
ok - commit --amend under the guard
ok - commit -F - under the guard
ok - merge --no-ff under the guard
ok - cherry-pick under the guard
ok - cherry-pick conflict then --continue under the guard
ok - rebase under the guard
ok - rebase conflict then --continue under the guard
ok - revert under the guard
ok - --no-verify and commit -n are refused on every hook-running verb, and reported once
ok - push modes are not mistaken for hook skipping
ok - -n stays allowed where it is not --no-verify (merge, cherry-pick, a message)
ok - a resolved refusal report re-opens on the next refusal
ok - FM_WORKTREE_GUARD_ALLOW=1 still authorizes an exact command
ok - a dead holder's lock is reaped and cleaned up under the real worker environment
ok - watcher arm from a guarded worker pane stands down cleanly
ok - procevent reconcile runs under the guard with nothing refused
ok - a suite run from a bound pane leaves that pane's task record untouched
ok - arm, apply busy, idle, retire: the busy hook's mv and rmdir run under the real worker environment with no refusal
ok - the stale-lock recursive fallback and other busy-state removals stay refused
ok - the no-mistakes gate push runs under the real worker environment; other --no-verify uses stay refused
